// Jest Snapshot v1, https://goo.gl/fbAQLP

exports[`Pagination test URL is updating when page is changing 1`] = `
{
  "asFragment": [Function],
  "baseElement": <body>
    <div>
      <div
        class="container"
      >
        <a
          href="/page/1"
        >
           
          1
        </a>
        <a
          href="/page/2"
        >
           
          2
        </a>
        <a
          href="/page/3"
        >
           
          3
        </a>
        <a
          href="/page/4"
        >
           
          4
        </a>
        <a
          href="/page/5"
        >
           
          5
        </a>
        <a
          href="/page/6"
        >
           
          6
        </a>
        <div
          data-testid="PaginatorContent"
        />
      </div>
    </div>
  </body>,
  "container": <div>
    <div
      class="container"
    >
      <a
        href="/page/1"
      >
         
        1
      </a>
      <a
        href="/page/2"
      >
         
        2
      </a>
      <a
        href="/page/3"
      >
         
        3
      </a>
      <a
        href="/page/4"
      >
         
        4
      </a>
      <a
        href="/page/5"
      >
         
        5
      </a>
      <a
        href="/page/6"
      >
         
        6
      </a>
      <div
        data-testid="PaginatorContent"
      />
    </div>
  </div>,
  "debug": [Function],
  "findAllByAltText": [Function],
  "findAllByDisplayValue": [Function],
  "findAllByLabelText": [Function],
  "findAllByPlaceholderText": [Function],
  "findAllByRole": [Function],
  "findAllByTestId": [Function],
  "findAllByText": [Function],
  "findAllByTitle": [Function],
  "findByAltText": [Function],
  "findByDisplayValue": [Function],
  "findByLabelText": [Function],
  "findByPlaceholderText": [Function],
  "findByRole": [Function],
  "findByTestId": [Function],
  "findByText": [Function],
  "findByTitle": [Function],
  "getAllByAltText": [Function],
  "getAllByDisplayValue": [Function],
  "getAllByLabelText": [Function],
  "getAllByPlaceholderText": [Function],
  "getAllByRole": [Function],
  "getAllByTestId": [Function],
  "getAllByText": [Function],
  "getAllByTitle": [Function],
  "getByAltText": [Function],
  "getByDisplayValue": [Function],
  "getByLabelText": [Function],
  "getByPlaceholderText": [Function],
  "getByRole": [Function],
  "getByTestId": [Function],
  "getByText": [Function],
  "getByTitle": [Function],
  "queryAllByAltText": [Function],
  "queryAllByDisplayValue": [Function],
  "queryAllByLabelText": [Function],
  "queryAllByPlaceholderText": [Function],
  "queryAllByRole": [Function],
  "queryAllByTestId": [Function],
  "queryAllByText": [Function],
  "queryAllByTitle": [Function],
  "queryByAltText": [Function],
  "queryByDisplayValue": [Function],
  "queryByLabelText": [Function],
  "queryByPlaceholderText": [Function],
  "queryByRole": [Function],
  "queryByTestId": [Function],
  "queryByText": [Function],
  "queryByTitle": [Function],
  "rerender": [Function],
  "unmount": [Function],
}
`;
